
Memory Configuration

Name             Origin             Length             Attributes
FLASH            0x08000000         0x00080000         rw
SRAM             0x20000000         0x00020000         xrw
*default*        0x00000000         0xffffffff

Linker script and memory map

LOAD GPIO.o
LOAD main.o
LOAD stm32f411_startup.o
                0x20020000                _estack = (ORIGIN (SRAM) + 0x20000)
                0x00000200                __max_heap_size = 0x200
                0x00000400                __max_stack_size = 0x400

.text           0x08000000      0x298
                0x08000000                . = ALIGN (0x4)
 *(.isr_vector_tbl)
 .isr_vector_tbl
                0x08000000      0x124 stm32f411_startup.o
                0x08000000                vector_tbl
 *(.text)
 .text          0x08000124       0x9c GPIO.o
                0x08000124                led_init
                0x08000178                led_on
                0x0800019c                led_off
 .text          0x080001c0       0x10 main.o
                0x080001c0                main
 .text          0x080001d0       0xc8 stm32f411_startup.o
                0x080001d0                RTC_Alarm_IRQHandler
                0x080001d0                EXTI2_IRQHandler
                0x080001d0                DebugMon_Handler
                0x080001d0                SPI4_IRQHandler
                0x080001d0                TIM1_CC_IRQHandler
                0x080001d0                DMA2_Stream5_IRQHandler
                0x080001d0                HardFault_Handler
                0x080001d0                DMA1_Stream5_IRQHandler
                0x080001d0                SysTick_Handler
                0x080001d0                PVD_IRQHandler
                0x080001d0                SDIO_IRQHandler
                0x080001d0                TAMP_STAMP_IRQHandler
                0x080001d0                PendSV_Handler
                0x080001d0                NMI_Handler
                0x080001d0                EXTI3_IRQHandler
                0x080001d0                TIM1_UP_TIM10_IRQHandler
                0x080001d0                I2C3_ER_IRQHandler
                0x080001d0                EXTI0_IRQHandler
                0x080001d0                I2C2_EV_IRQHandler
                0x080001d0                DMA1_Stream2_IRQHandler
                0x080001d0                FPU_IRQHandler
                0x080001d0                UsageFault_Handler
                0x080001d0                DMA2_Stream2_IRQHandler
                0x080001d0                SPI1_IRQHandler
                0x080001d0                TIM1_BRK_TIM9_IRQHandler
                0x080001d0                DMA2_Stream3_IRQHandler
                0x080001d0                USART6_IRQHandler
                0x080001d0                DMA2_Stream6_IRQHandler
                0x080001d0                DMA2_Stream0_IRQHandler
                0x080001d0                TIM4_IRQHandler
                0x080001d0                I2C1_EV_IRQHandler
                0x080001d0                DMA1_Stream6_IRQHandler
                0x080001d0                DMA1_Stream1_IRQHandler
                0x080001d0                TIM3_IRQHandler
                0x080001d0                RCC_IRQHandler
                0x080001d0                Default_Handler
                0x080001d0                EXTI15_10_IRQHandler
                0x080001d0                ADC_IRQHandler
                0x080001d0                DMA1_Stream7_IRQHandler
                0x080001d0                SPI5_IRQHandler
                0x080001d0                TIM5_IRQHandler
                0x080001d0                DMA2_Stream7_IRQHandler
                0x080001d0                I2C3_EV_IRQHandler
                0x080001d0                EXTI9_5_IRQHandler
                0x080001d0                RTC_WKUP_IRQHandler
                0x080001d0                SPI2_IRQHandler
                0x080001d0                MemManage_Handler
                0x080001d0                DMA1_Stream0_IRQHandler
                0x080001d0                SVC_Handler
                0x080001d0                EXTI4_IRQHandler
                0x080001d0                WWDG_IRQHandler
                0x080001d0                TIM2_IRQHandler
                0x080001d0                OTG_FS_WKUP_IRQHandler
                0x080001d0                TIM1_TRG_COM_TIM11_IRQHandler
                0x080001d0                EXTI1_IRQHandler
                0x080001d0                USART2_IRQHandler
                0x080001d0                I2C2_ER_IRQHandler
                0x080001d0                DMA2_Stream1_IRQHandler
                0x080001d0                FLASH_IRQHandler
                0x080001d0                DMA2_Stream4_IRQHandler
                0x080001d0                BusFault_Handler
                0x080001d0                USART1_IRQHandler
                0x080001d0                OTG_FS_IRQHandler
                0x080001d0                SPI3_IRQHandler
                0x080001d0                DMA1_Stream4_IRQHandler
                0x080001d0                I2C1_ER_IRQHandler
                0x080001d0                DMA1_Stream3_IRQHandler
                0x080001d8                Reset_Handler
 *(.rodata)
                0x08000298                . = ALIGN (0x4)
                0x08000298                _etext = .

.glue_7         0x08000298        0x0
 .glue_7        0x00000000        0x0 linker stubs

.glue_7t        0x08000298        0x0
 .glue_7t       0x00000000        0x0 linker stubs

.vfp11_veneer   0x08000298        0x0
 .vfp11_veneer  0x00000000        0x0 linker stubs

.v4_bx          0x08000298        0x0
 .v4_bx         0x00000000        0x0 linker stubs

.iplt           0x08000298        0x0
 .iplt          0x00000000        0x0 main.o

.rel.dyn        0x08000298        0x0
 .rel.iplt      0x00000000        0x0 main.o

.data           0x20000000        0x0 load address 0x08000298
                0x20000000                . = ALIGN (0x4)
                0x20000000                _sdata = .
 *(.data)
 .data          0x20000000        0x0 GPIO.o
 .data          0x20000000        0x0 main.o
 .data          0x20000000        0x0 stm32f411_startup.o
                0x20000000                . = ALIGN (0x4)
                0x20000000                _edata = .

.igot.plt       0x20000000        0x0 load address 0x08000298
 .igot.plt      0x00000000        0x0 main.o

.bss            0x20000000        0x0 load address 0x08000298
                0x20000000                . = ALIGN (0x4)
                0x20000000                _sbss = .
 *(.bss)
 .bss           0x20000000        0x0 GPIO.o
 .bss           0x20000000        0x0 main.o
 .bss           0x20000000        0x0 stm32f411_startup.o
                0x20000000                . = ALIGN (0x4)
                0x20000000                _ebss = .
OUTPUT(Bare_Metal_Program.elf elf32-littlearm)

.comment        0x00000000       0x11
 .comment       0x00000000       0x11 GPIO.o
                                 0x12 (size before relaxing)
 .comment       0x00000000       0x12 main.o
 .comment       0x00000000       0x12 stm32f411_startup.o

.ARM.attributes
                0x00000000       0x33
 .ARM.attributes
                0x00000000       0x33 GPIO.o
 .ARM.attributes
                0x00000033       0x33 main.o
 .ARM.attributes
                0x00000066       0x33 stm32f411_startup.o
