
Memory Configuration

Name             Origin             Length             Attributes
FLASH            0x08000000         0x00080000         rw
SRAM             0x20000000         0x00020000         xrw
*default*        0x00000000         0xffffffff

Linker script and memory map

LOAD main.o
LOAD stm32f411_startup.o
LOAD uart.o
                0x20020000                _estack = (ORIGIN (SRAM) + 0x20000)
                0x00000200                __max_heap_size = 0x200
                0x00000400                __max_stack_size = 0x400

.text           0x08000000      0x454
                0x08000000                . = ALIGN (0x4)
 *(.isr_vector_tbl)
 .isr_vector_tbl
                0x08000000      0x124 stm32f411_startup.o
                0x08000000                vector_tbl
 *(.text)
 .text          0x08000124       0x70 main.o
                0x08000124                uart2_print_string
                0x08000150                main
 .text          0x08000194       0xc8 stm32f411_startup.o
                0x08000194                RTC_Alarm_IRQHandler
                0x08000194                EXTI2_IRQHandler
                0x08000194                DebugMon_Handler
                0x08000194                SPI4_IRQHandler
                0x08000194                TIM1_CC_IRQHandler
                0x08000194                DMA2_Stream5_IRQHandler
                0x08000194                HardFault_Handler
                0x08000194                DMA1_Stream5_IRQHandler
                0x08000194                SysTick_Handler
                0x08000194                PVD_IRQHandler
                0x08000194                SDIO_IRQHandler
                0x08000194                TAMP_STAMP_IRQHandler
                0x08000194                PendSV_Handler
                0x08000194                NMI_Handler
                0x08000194                EXTI3_IRQHandler
                0x08000194                TIM1_UP_TIM10_IRQHandler
                0x08000194                I2C3_ER_IRQHandler
                0x08000194                EXTI0_IRQHandler
                0x08000194                I2C2_EV_IRQHandler
                0x08000194                DMA1_Stream2_IRQHandler
                0x08000194                FPU_IRQHandler
                0x08000194                UsageFault_Handler
                0x08000194                DMA2_Stream2_IRQHandler
                0x08000194                SPI1_IRQHandler
                0x08000194                TIM1_BRK_TIM9_IRQHandler
                0x08000194                DMA2_Stream3_IRQHandler
                0x08000194                USART6_IRQHandler
                0x08000194                DMA2_Stream6_IRQHandler
                0x08000194                DMA2_Stream0_IRQHandler
                0x08000194                TIM4_IRQHandler
                0x08000194                I2C1_EV_IRQHandler
                0x08000194                DMA1_Stream6_IRQHandler
                0x08000194                DMA1_Stream1_IRQHandler
                0x08000194                TIM3_IRQHandler
                0x08000194                RCC_IRQHandler
                0x08000194                Default_Handler
                0x08000194                EXTI15_10_IRQHandler
                0x08000194                ADC_IRQHandler
                0x08000194                DMA1_Stream7_IRQHandler
                0x08000194                SPI5_IRQHandler
                0x08000194                TIM5_IRQHandler
                0x08000194                DMA2_Stream7_IRQHandler
                0x08000194                I2C3_EV_IRQHandler
                0x08000194                EXTI9_5_IRQHandler
                0x08000194                RTC_WKUP_IRQHandler
                0x08000194                SPI2_IRQHandler
                0x08000194                MemManage_Handler
                0x08000194                DMA1_Stream0_IRQHandler
                0x08000194                SVC_Handler
                0x08000194                EXTI4_IRQHandler
                0x08000194                WWDG_IRQHandler
                0x08000194                TIM2_IRQHandler
                0x08000194                OTG_FS_WKUP_IRQHandler
                0x08000194                TIM1_TRG_COM_TIM11_IRQHandler
                0x08000194                EXTI1_IRQHandler
                0x08000194                USART2_IRQHandler
                0x08000194                I2C2_ER_IRQHandler
                0x08000194                DMA2_Stream1_IRQHandler
                0x08000194                FLASH_IRQHandler
                0x08000194                DMA2_Stream4_IRQHandler
                0x08000194                BusFault_Handler
                0x08000194                USART1_IRQHandler
                0x08000194                OTG_FS_IRQHandler
                0x08000194                SPI3_IRQHandler
                0x08000194                DMA1_Stream4_IRQHandler
                0x08000194                I2C1_ER_IRQHandler
                0x08000194                DMA1_Stream3_IRQHandler
                0x0800019c                Reset_Handler
 .text          0x0800025c      0x19c uart.o
                0x0800025c                __io_putchar
                0x08000278                uart2_init
                0x08000374                uart2_write
 *(.rodata)
 .rodata        0x080003f8       0x5c main.o
                0x08000454                . = ALIGN (0x4)
                0x08000454                _etext = .

.glue_7         0x08000454        0x0
 .glue_7        0x00000000        0x0 linker stubs

.glue_7t        0x08000454        0x0
 .glue_7t       0x00000000        0x0 linker stubs

.vfp11_veneer   0x08000454        0x0
 .vfp11_veneer  0x00000000        0x0 linker stubs

.v4_bx          0x08000454        0x0
 .v4_bx         0x00000000        0x0 linker stubs

.iplt           0x08000454        0x0
 .iplt          0x00000000        0x0 main.o

.rel.dyn        0x08000454        0x0
 .rel.iplt      0x00000000        0x0 main.o

.data           0x20000000        0x0 load address 0x08000454
                0x20000000                . = ALIGN (0x4)
                0x20000000                _sdata = .
 *(.data)
 .data          0x20000000        0x0 main.o
 .data          0x20000000        0x0 stm32f411_startup.o
 .data          0x20000000        0x0 uart.o
                0x20000000                . = ALIGN (0x4)
                0x20000000                _edata = .

.igot.plt       0x20000000        0x0 load address 0x08000454
 .igot.plt      0x00000000        0x0 main.o

.bss            0x20000000        0x0 load address 0x08000454
                0x20000000                . = ALIGN (0x4)
                0x20000000                _sbss = .
 *(.bss)
 .bss           0x20000000        0x0 main.o
 .bss           0x20000000        0x0 stm32f411_startup.o
 .bss           0x20000000        0x0 uart.o
                0x20000000                . = ALIGN (0x4)
                0x20000000                _ebss = .
OUTPUT(Bare_Metal_Program.elf elf32-littlearm)

.debug_info     0x00000000      0x6fd
 .debug_info    0x00000000      0x103 main.o
 .debug_info    0x00000103      0x18d stm32f411_startup.o
 .debug_info    0x00000290      0x46d uart.o

.debug_abbrev   0x00000000      0x2a7
 .debug_abbrev  0x00000000       0xb8 main.o
 .debug_abbrev  0x000000b8       0xd8 stm32f411_startup.o
 .debug_abbrev  0x00000190      0x117 uart.o

.debug_loc      0x00000000      0x1e0
 .debug_loc     0x00000000       0x70 main.o
 .debug_loc     0x00000070       0x64 stm32f411_startup.o
 .debug_loc     0x000000d4      0x10c uart.o

.debug_aranges  0x00000000       0x60
 .debug_aranges
                0x00000000       0x20 main.o
 .debug_aranges
                0x00000020       0x20 stm32f411_startup.o
 .debug_aranges
                0x00000040       0x20 uart.o

.debug_line     0x00000000      0x205
 .debug_line    0x00000000       0x96 main.o
 .debug_line    0x00000096       0xbf stm32f411_startup.o
 .debug_line    0x00000155       0xb0 uart.o

.debug_str      0x00000000      0x2f9
 .debug_str     0x00000000       0xd0 main.o
                                0x109 (size before relaxing)
 .debug_str     0x000000d0       0x96 stm32f411_startup.o
                                0x16f (size before relaxing)
 .debug_str     0x00000166      0x193 uart.o
                                0x286 (size before relaxing)

.comment        0x00000000       0x11
 .comment       0x00000000       0x11 main.o
                                 0x12 (size before relaxing)
 .comment       0x00000000       0x12 stm32f411_startup.o
 .comment       0x00000000       0x12 uart.o

.ARM.attributes
                0x00000000       0x33
 .ARM.attributes
                0x00000000       0x33 main.o
 .ARM.attributes
                0x00000033       0x33 stm32f411_startup.o
 .ARM.attributes
                0x00000066       0x33 uart.o

.debug_frame    0x00000000      0x13c
 .debug_frame   0x00000000       0x50 main.o
 .debug_frame   0x00000050       0x48 stm32f411_startup.o
 .debug_frame   0x00000098       0xa4 uart.o
